.

Finished in 0.402 seconds
1 test, 8 assertions, 0 failures, 0 skipped


